stk[0x7f29ecb00030]
	called from stack.cpp : 63 (stack_ctor)

STATUS: CONSTRUCTED

STRUCT CANARY_START = aaaaaaaa
	capacity       = 2
	size           = 0

	HASH HASH HASH = 2166136261
STRUCT CANARY_END   = aaaaaaaa


DATA CANARY LEFT  = aaaaaaaa
	 [0] = 2.16401e-321
	 [1] = 2.16401e-321
DATA CANARY RIGHT = aaaaaaaa

stk[0x7f29ecb00030]
	called from stack.cpp : 114 (stack_push)

STATUS: CONSTRUCTED

STRUCT CANARY_START = aaaaaaaa
	capacity       = 2
	size           = 0

	HASH HASH HASH = 2166136261
STRUCT CANARY_END   = aaaaaaaa


DATA CANARY LEFT  = aaaaaaaa
	 [0] = 6.90793e-310
	 [1] = 6.90793e-310
DATA CANARY RIGHT = aaaaaaaa

stk[0x7f29ecb00030]
	called from stack.cpp : 127 (stack_push)

STATUS: CONSTRUCTED

STRUCT CANARY_START = aaaaaaaa
	capacity       = 2
	size           = 1

	HASH HASH HASH = 2615243109
STRUCT CANARY_END   = aaaaaaaa


DATA CANARY LEFT  = aaaaaaaa
	*[0] = 6.90793e-310
	 [1] = 6.90793e-310
DATA CANARY RIGHT = aaaaaaaa

stk[0x7f29ecb00030]
	called from stack.cpp : 114 (stack_push)

STATUS: CONSTRUCTED

STRUCT CANARY_START = aaaaaaaa
	capacity       = 2
	size           = 1

	HASH HASH HASH = 2615243109
STRUCT CANARY_END   = aaaaaaaa


DATA CANARY LEFT  = aaaaaaaa
	*[0] = 6.90793e-310
	 [1] = 6.90793e-310
DATA CANARY RIGHT = aaaaaaaa

stk[0x7f29ecb00030]
	called from stack.cpp : 127 (stack_push)

STATUS: CONSTRUCTED

STRUCT CANARY_START = aaaaaaaa
	capacity       = 2
	size           = 2

	HASH HASH HASH = 201832932
STRUCT CANARY_END   = aaaaaaaa


DATA CANARY LEFT  = aaaaaaaa
	*[0] = 6.90793e-310
	*[1] = 6.90793e-310
DATA CANARY RIGHT = aaaaaaaa

stk[0x7f29ecb00030]
	called from stack.cpp : 114 (stack_push)

STATUS: CONSTRUCTED

STRUCT CANARY_START = aaaaaaaa
	capacity       = 2
	size           = 2

	HASH HASH HASH = 201832932
STRUCT CANARY_END   = aaaaaaaa


DATA CANARY LEFT  = aaaaaaaa
	*[0] = 6.90793e-310
	*[1] = 6.90793e-310
DATA CANARY RIGHT = aaaaaaaa

stk[0x7f29ecb00030]
	called from stack.cpp : 70 (stack_realloc)

STATUS: CONSTRUCTED

STRUCT CANARY_START = aaaaaaaa
	capacity       = 2
	size           = 2

	HASH HASH HASH = 201832932
STRUCT CANARY_END   = aaaaaaaa


DATA CANARY LEFT  = aaaaaaaa
	*[0] = 6.95282e-310
	*[1] = 6.95282e-310
DATA CANARY RIGHT = aaaaaaaa

stk[0x7f29ecb00030]
	called from stack.cpp : 91 (stack_realloc)

STATUS: CONSTRUCTED

STRUCT CANARY_START = aaaaaaaa
	capacity       = 4
	size           = 2

	HASH HASH HASH = 201832932
STRUCT CANARY_END   = aaaaaaaa


DATA CANARY LEFT  = aaaaaaaa
	*[0] = 6.95282e-310
	*[1] = 6.95282e-310
	 [2] = 6.95282e-310
	 [3] = 6.95282e-310
DATA CANARY RIGHT = aaaaaaaa

stk[0x7f29ecb00030]
	called from stack.cpp : 127 (stack_push)

STATUS: CONSTRUCTED

STRUCT CANARY_START = aaaaaaaa
	capacity       = 4
	size           = 3

	HASH HASH HASH = 1763791014
STRUCT CANARY_END   = aaaaaaaa


DATA CANARY LEFT  = aaaaaaaa
	*[0] = 6.90793e-310
	*[1] = 6.90793e-310
	*[2] = 6.90793e-310
	 [3] = 6.90793e-310
DATA CANARY RIGHT = aaaaaaaa

stk[0x7f29ecb00030]
	called from stack.cpp : 114 (stack_push)

STATUS: CONSTRUCTED

STRUCT CANARY_START = aaaaaaaa
	capacity       = 4
	size           = 3

	HASH HASH HASH = 1763791014
STRUCT CANARY_END   = aaaaaaaa


DATA CANARY LEFT  = aaaaaaaa
	*[0] = 6.90793e-310
	*[1] = 6.90793e-310
	*[2] = 6.90793e-310
	 [3] = 6.90793e-310
DATA CANARY RIGHT = aaaaaaaa

stk[0x7f29ecb00030]
	called from stack.cpp : 127 (stack_push)

STATUS: CONSTRUCTED

STRUCT CANARY_START = aaaaaaaa
	capacity       = 4
	size           = 4

	HASH HASH HASH = 1774035013
STRUCT CANARY_END   = aaaaaaaa


DATA CANARY LEFT  = aaaaaaaa
	*[0] = 6.90793e-310
	*[1] = 6.90793e-310
	*[2] = 6.90793e-310
	*[3] = 6.90793e-310
DATA CANARY RIGHT = aaaaaaaa

stk[0x7f29ecb00030]
	called from stack.cpp : 114 (stack_push)

STATUS: CONSTRUCTED

STRUCT CANARY_START = aaaaaaaa
	capacity       = 4
	size           = 4

	HASH HASH HASH = 1774035013
STRUCT CANARY_END   = aaaaaaaa


DATA CANARY LEFT  = aaaaaaaa
	*[0] = 6.90793e-310
	*[1] = 6.90793e-310
	*[2] = 6.90793e-310
	*[3] = 6.90793e-310
DATA CANARY RIGHT = aaaaaaaa

stk[0x7f29ecb00030]
	called from stack.cpp : 70 (stack_realloc)

STATUS: CONSTRUCTED

STRUCT CANARY_START = aaaaaaaa
	capacity       = 4
	size           = 4

	HASH HASH HASH = 1774035013
STRUCT CANARY_END   = aaaaaaaa


DATA CANARY LEFT  = aaaaaaaa
	*[0] = 6.95282e-310
	*[1] = 6.95282e-310
	*[2] = 6.95282e-310
	*[3] = 6.95282e-310
DATA CANARY RIGHT = aaaaaaaa

stk[0x7f29ecb00030]
	called from stack.cpp : 91 (stack_realloc)

STATUS: CONSTRUCTED

STRUCT CANARY_START = aaaaaaaa
	capacity       = 8
	size           = 4

	HASH HASH HASH = 1774035013
STRUCT CANARY_END   = aaaaaaaa


DATA CANARY LEFT  = aaaaaaaa
	*[0] = 6.95282e-310
	*[1] = 6.95282e-310
	*[2] = 6.95282e-310
	*[3] = 6.95282e-310
	 [4] = 6.95282e-310
	 [5] = 6.95282e-310
	 [6] = 6.95282e-310
	 [7] = 6.95282e-310
DATA CANARY RIGHT = aaaaaaaa

stk[0x7f29ecb00030]
	called from stack.cpp : 127 (stack_push)

STATUS: CONSTRUCTED

STRUCT CANARY_START = aaaaaaaa
	capacity       = 8
	size           = 5

	HASH HASH HASH = 1435158369
STRUCT CANARY_END   = aaaaaaaa


DATA CANARY LEFT  = aaaaaaaa
	*[0] = 6.90793e-310
	*[1] = 6.90793e-310
	*[2] = 6.90793e-310
	*[3] = 6.90793e-310
	*[4] = 6.90793e-310
	 [5] = 6.90793e-310
	 [6] = 6.90793e-310
	 [7] = 6.90793e-310
DATA CANARY RIGHT = aaaaaaaa

stk[0x7f29ecb00030]
	called from stack.cpp : 132 (stack_pop)

STATUS: CONSTRUCTED

STRUCT CANARY_START = aaaaaaaa
	capacity       = 8
	size           = 5

	HASH HASH HASH = 1435158369
STRUCT CANARY_END   = aaaaaaaa


DATA CANARY LEFT  = aaaaaaaa
	*[0] = 1.6976e-314
	*[1] = 1.6976e-314
	*[2] = 1.6976e-314
	*[3] = 1.6976e-314
	*[4] = 1.6976e-314
	 [5] = 1.6976e-314
	 [6] = 1.6976e-314
	 [7] = 1.6976e-314
DATA CANARY RIGHT = aaaaaaaa

stk[0x7f29ecb00030]
	called from stack.cpp : 145 (stack_pop)

STATUS: CONSTRUCTED

STRUCT CANARY_START = aaaaaaaa
	capacity       = 8
	size           = 4

	HASH HASH HASH = 1774035013
STRUCT CANARY_END   = aaaaaaaa


DATA CANARY LEFT  = aaaaaaaa
	*[0] = 1.6976e-314
	*[1] = 1.6976e-314
	*[2] = 1.6976e-314
	*[3] = 1.6976e-314
	 [4] = 1.6976e-314
	 [5] = 1.6976e-314
	 [6] = 1.6976e-314
	 [7] = 1.6976e-314
DATA CANARY RIGHT = aaaaaaaa

stk[0x7f29ecb00030]
	called from stack.cpp : 132 (stack_pop)

STATUS: CONSTRUCTED

STRUCT CANARY_START = aaaaaaaa
	capacity       = 8
	size           = 4

	HASH HASH HASH = 1774035013
STRUCT CANARY_END   = aaaaaaaa


DATA CANARY LEFT  = aaaaaaaa
	*[0] = 1.6976e-314
	*[1] = 1.6976e-314
	*[2] = 1.6976e-314
	*[3] = 1.6976e-314
	 [4] = 1.6976e-314
	 [5] = 1.6976e-314
	 [6] = 1.6976e-314
	 [7] = 1.6976e-314
DATA CANARY RIGHT = aaaaaaaa

stk[0x7f29ecb00030]
	called from stack.cpp : 145 (stack_pop)

STATUS: CONSTRUCTED

STRUCT CANARY_START = aaaaaaaa
	capacity       = 8
	size           = 3

	HASH HASH HASH = 1763791014
STRUCT CANARY_END   = aaaaaaaa


DATA CANARY LEFT  = aaaaaaaa
	*[0] = 1.6976e-314
	*[1] = 1.6976e-314
	*[2] = 1.6976e-314
	 [3] = 1.6976e-314
	 [4] = 1.6976e-314
	 [5] = 1.6976e-314
	 [6] = 1.6976e-314
	 [7] = 1.6976e-314
DATA CANARY RIGHT = aaaaaaaa

stk[0x7f29ecb00030]
	called from stack.cpp : 132 (stack_pop)

STATUS: CONSTRUCTED

STRUCT CANARY_START = aaaaaaaa
	capacity       = 8
	size           = 3

	HASH HASH HASH = 1763791014
STRUCT CANARY_END   = aaaaaaaa


DATA CANARY LEFT  = aaaaaaaa
	*[0] = 1.6976e-314
	*[1] = 1.6976e-314
	*[2] = 1.6976e-314
	 [3] = 1.6976e-314
	 [4] = 1.6976e-314
	 [5] = 1.6976e-314
	 [6] = 1.6976e-314
	 [7] = 1.6976e-314
DATA CANARY RIGHT = aaaaaaaa

stk[0x7f29ecb00030]
	called from stack.cpp : 145 (stack_pop)

STATUS: CONSTRUCTED

STRUCT CANARY_START = aaaaaaaa
	capacity       = 8
	size           = 2

	HASH HASH HASH = 201832932
STRUCT CANARY_END   = aaaaaaaa


DATA CANARY LEFT  = aaaaaaaa
	*[0] = 1.6976e-314
	*[1] = 1.6976e-314
	 [2] = 1.6976e-314
	 [3] = 1.6976e-314
	 [4] = 1.6976e-314
	 [5] = 1.6976e-314
	 [6] = 1.6976e-314
	 [7] = 1.6976e-314
DATA CANARY RIGHT = aaaaaaaa

stk[0x7f29ecb00030]
	called from stack.cpp : 132 (stack_pop)

STATUS: CONSTRUCTED

STRUCT CANARY_START = aaaaaaaa
	capacity       = 8
	size           = 2

	HASH HASH HASH = 201832932
STRUCT CANARY_END   = aaaaaaaa


DATA CANARY LEFT  = aaaaaaaa
	*[0] = 1.6976e-314
	*[1] = 1.6976e-314
	 [2] = 1.6976e-314
	 [3] = 1.6976e-314
	 [4] = 1.6976e-314
	 [5] = 1.6976e-314
	 [6] = 1.6976e-314
	 [7] = 1.6976e-314
DATA CANARY RIGHT = aaaaaaaa

stk[0x7f29ecb00030]
	called from stack.cpp : 145 (stack_pop)

STATUS: CONSTRUCTED

STRUCT CANARY_START = aaaaaaaa
	capacity       = 8
	size           = 1

	HASH HASH HASH = 2615243109
STRUCT CANARY_END   = aaaaaaaa


DATA CANARY LEFT  = aaaaaaaa
	*[0] = 1.6976e-314
	 [1] = 1.6976e-314
	 [2] = 1.6976e-314
	 [3] = 1.6976e-314
	 [4] = 1.6976e-314
	 [5] = 1.6976e-314
	 [6] = 1.6976e-314
	 [7] = 1.6976e-314
DATA CANARY RIGHT = aaaaaaaa

stk[0x7f29ecb00030]
	called from stack.cpp : 132 (stack_pop)

STATUS: CONSTRUCTED

STRUCT CANARY_START = aaaaaaaa
	capacity       = 8
	size           = 1

	HASH HASH HASH = 2615243109
STRUCT CANARY_END   = aaaaaaaa


DATA CANARY LEFT  = aaaaaaaa
	*[0] = 1.6976e-314
	 [1] = 1.6976e-314
	 [2] = 1.6976e-314
	 [3] = 1.6976e-314
	 [4] = 1.6976e-314
	 [5] = 1.6976e-314
	 [6] = 1.6976e-314
	 [7] = 1.6976e-314
DATA CANARY RIGHT = aaaaaaaa

stk[0x7f29ecb00030]
	called from stack.cpp : 96 (stack_back_realloc)

STATUS: CONSTRUCTED

STRUCT CANARY_START = aaaaaaaa
	capacity       = 8
	size           = 1

	HASH HASH HASH = 2615243109
STRUCT CANARY_END   = aaaaaaaa


DATA CANARY LEFT  = aaaaaaaa
	*[0] = 6.95282e-310
	 [1] = 6.95282e-310
	 [2] = 6.95282e-310
	 [3] = 6.95282e-310
	 [4] = 6.95282e-310
	 [5] = 6.95282e-310
	 [6] = 6.95282e-310
	 [7] = 6.95282e-310
DATA CANARY RIGHT = aaaaaaaa

stk[0x7f29ecb00030]
	called from stack.cpp : 109 (stack_back_realloc)

STATUS: CONSTRUCTED

STRUCT CANARY_START = aaaaaaaa
	capacity       = 3
	size           = 1

	HASH HASH HASH = 2615243109
STRUCT CANARY_END   = aaaaaaaa


DATA CANARY LEFT  = aaaaaaaa
	*[0] = 6.95282e-310
	 [1] = 6.95282e-310
	 [2] = 6.95282e-310
DATA CANARY RIGHT = aaaaaaaa

stk[0x7f29ecb00030]
	called from stack.cpp : 145 (stack_pop)

STATUS: CONSTRUCTED

STRUCT CANARY_START = aaaaaaaa
	capacity       = 3
	size           = 0

	HASH HASH HASH = 2166136261
STRUCT CANARY_END   = aaaaaaaa


DATA CANARY LEFT  = aaaaaaaa
	 [0] = 1.6976e-314
	 [1] = 1.6976e-314
	 [2] = 1.6976e-314
DATA CANARY RIGHT = aaaaaaaa

stk[0x7f29ecb00030]
	called from stack.cpp : 152 (stack_dtor)

STATUS: CONSTRUCTED

STRUCT CANARY_START = aaaaaaaa
	capacity       = 3
	size           = 0

	HASH HASH HASH = 2166136261
STRUCT CANARY_END   = aaaaaaaa


DATA CANARY LEFT  = aaaaaaaa
	 [0] = 2.02369e-320
	 [1] = 2.02369e-320
	 [2] = 2.02369e-320
DATA CANARY RIGHT = aaaaaaaa

stk[0x7f29ecb00030]
	called from stack.cpp : 169 (stack_dtor)

STATUS: DESTRUCTED

STRUCT CANARY_START = aaaaaaaa
	capacity       = 0
	size           = 0

	HASH HASH HASH = 0
STRUCT CANARY_END   = aaaaaaaa


